|-----------------------------------------------------------------------------|
|                                                                             |
| |-----|                                                                     |
| |E16@\|                                                                     |
| |-----|                                                                     |
|                                                                             |
|                                                                             |
|                                                                             |
|                                                                             |
|                                                                             |
|                                                                             |
|                                                                             |
|                                                                             |
|                                                                             |
|                                                                             |
|                                                                             |
|                                                                             |
|                                                                             |
|                                                                             |
|                                                                             |
|                                                                             |
|                                                                             |
|                                                                             |
|                                                                             |
|-----------------------------------------------------------------------------|
|-----------------------------------------------------------------------------|
|                                                                             |
| |-----|                                                                     |
| |E16@\|                                                                     |
| |-----|                                                                     |
|                                                                             |
|                                                                             |
|                                                                             |
|                                                                             |
|                                                                             |
|                                                                             |
|                                                                             |
|                                                                             |
|                                                                             |
|                                                                             |
|                                                                             |
|                                                                             |
|                                                                             |
|                                                                             |
|                                                                             |
|                                                                             |
|                                                                             |
|                                                                             |
|                                                                             |
|-----------------------------------------------------------------------------|
|-----------------------------------------------------------------------------|
|                                                                             |
| |-----|                                                                     |
| |E16@\|                                                                     |
| |-----|                                                                     |
|                                                                             |
|                                                                             |
|                                                                             |
|                                                                             |
|                                                                             |
|                                                                             |
|                                                                             |
|                                                                             |
|                                                                             |
|                                                                             |
|                                                                             |
|                                                                             |
|                                                                             |
|                                                                             |
|                                                                             |
|                                                                             |
|                                                                             |
|                                                                             |
|                                                                             |
|-----------------------------------------------------------------------------|
|-----------------------------------------------------------------------------|
|                                                                             |
| |-----|                                                                     |
| |E16@\|                                                                     |
| |-----|                                                                     |
|                                                                             |
|                                                                             |
|                                                                             |
|                                                                             |
|                                                                             |
|                                                                             |
|                                                                             |
|                                                                             |
|                                                                             |
|                                                                             |
|                                                                             |
|                                                                             |
|                                                                             |
|                                                                             |
|                                                                             |
|                                                                             |
|                                                                             |
|                                                                             |
|                                                                             |
|-----------------------------------------------------------------------------|
|-----------------------------------------------------------------------------|
|                                                                             |
| |-----|                                                                     |
| |E16@\|                                                                     |
| |-----|                                                                     |
|                                                                             |
|                                                                             |
|                                                                             |
|                                                                             |
|                                                                             |
|                                                                             |
|                                                                             |
|                                                                             |
|                                                                             |
|                                                                             |
|                                                                             |
|                                                                             |
|                                                                             |
|                                                                             |
|                                                                             |
|                                                                             |
|                                                                             |
|                                                                             |
|                                                                             |
|-----------------------------------------------------------------------------|
